名单共 860 家;慕尼黑 80km 内/巴伐利亚待探测 30 家

[1/30] · Knorr-Bremse
[2/30] · KraussMaffei
[3/30] ✓ Webasto                                        personio        ~3 职位
[4/30] ✓ Brainlab                                       smartrecruiters ~6 职位
[5/30] · Kuka
[6/30] · Renk
[7/30] · MTU Aero Engines
[8/30] · Premium Aerotec
[9/30] · Linde
[10/30] · ams OSRAM
[11/30] · Rohde Schwarz
[12/30] · Wacker Neuson
[13/30] · Zeppelin
[14/30] · HAWE Hydraulik
[15/30] · ARRI
[16/30] · Giesecke Devrient
[17/30] · Baader
[18/30] · Multivac
[19/30] · Grob Werke
[20/30] · Fendt
[21/30] · Agile Robots
[22/30] ✓ Isar Aerospace                                 greenhouse      ~102 职位
[23/30] ✓ Konux                                          greenhouse      ~6 职位
[24/30] ✓ Proglove                                       personio        ~5 职位
[25/30] · Tado
[26/30] ✓ Magirus                                        personio        ~35 职位
[27/30] · Deckel Maho
[28/30] · Zollner
[29/30] · Rohde
[30/30] · Siltronic

新增 6 家,companies.yaml 现共 6 家
exit=0
