慕尼黑 60km 内 IG Metall 企业: 124 家

[1/124] ·    Siemens AG
[2/124] ·    BMW Group
[3/124] ·    BSH Hausgeräte GmbH
[4/124] ·    Infineon Technologies AG
[5/124] ✓api Robert Bosch GmbH                          smartrecruiters  robertbosch (~25)
[6/124] ·    Rohde & Schwarz GmbH & Co. KG
[7/124] ·    Bosch Sicherheitssysteme GmbH
[8/124] ·    MTU Aero Engines AG
[9/124] ✓api Webasto SE Zentrale Stockdorf              personio         webasto (~3)
[10/124] ·    MAN Truck & Bus AG Berufsausbildung
[11/124] ·    EADS Deutschland GmbH
[12/124] ·    Wacker Neuson Group
[13/124] ·    KraussMaffei Technologies GmbH
[14/124] ·    Linde GmbH, Linde Engineering
[15/124] ·    MAN Diesel & Turbo SE
[16/124] ·    Premium AEROTEC GmbH
[17/124] ·    DYWIDAG-Systems International Holding Gm
[18/124] ·    Knorr Bremse AG
[19/124] ·    HAWE Hydraulik SE
[20/124] ·    iwis motorsysteme GmbH & Co. KG
[21/124] ·    SBK Siemens-Betriebskrankenkasse
[22/124] ·    WashTec Cleaning Technology GmbH
[23/124] ·    TQ-Systems GmbH
[24/124] ✓api Jungheinrich Moosburg AG & Co.KG           greenhouse       jungheinrich (~39)
[25/124] ·    Cassidian Systems
[26/124] ·    Krauss-Maffei Wegmann GmbH & Co. KG
[27/124] ·    Faurecia Emissions Control Technologies 
[28/124] ·    Federal-Mogul Friedberg GmbH
[29/124] ·    EOS GmbH Electro Optical Systems
[30/124] ·    KUKA Roboter GmbH
[31/124] ·    MBDA Deutschland GmbH
[32/124] ·    KUKA Systems GmbH
[33/124] ·    BÖWE SYSTEC GmbH
[34/124] ·    Canon Production Printing
[35/124] ·    SPINNER GmbH
[36/124] ✓web NCR GmbH                                   workday          ncr
[37/124] ·    RUAG Aerospace Structures GmbH
[38/124] ·    Renk GmbH
[39/124] ·    LEDVANCE GmbH
[40/124] ·    F. X. Meiller Fahrzeug- und Maschinenfab
[41/124] ·    Hörmann Automotive Penzberg GmbH
[42/124] ✓api SONA BLW Präzisionsschmiede GmbH           ashby            sona (~12)
[43/124] ·    Zarges GmbH
[44/124] ·    MAGNA BDW technologies GmbH
[45/124] ·    MT Aerospace AG
[46/124] ·    Hilti GmbH Industriegesellschaft
[47/124] ·    MAURER SE
[48/124] ✓api Webasto Roof & Components SE               personio         webasto (~3)
[49/124] ·    SII Technologies GmbH
[50/124] ·    Aerotech Peissenberg GmbH & Co. KG
[51/124] ·    RUAG Aerospace Services GmbH
[52/124] ✓hr4you Rodenstock GmbH                          https://rodenstock.hr4you.org 样例id=2000
[53/124] ·    TDK-Electronics AG
[54/124] ·    GKN Aerospace Deutschland GmbH
[55/124] ·    Qioptiq
[56/124] ·    SCANLAB GmbH
[57/124] ·    Elektrotechnische Werke Fritz Driescher 
[58/124] ·    IS4IT GmbH
[59/124] ✓api Ampack-Ammann GmbH & Co. KG                personio         ampack (~14)
[60/124] ·    Cohu GmbH
[61/124] ·    J. N. Eberle & Cie GmbH
[62/124] ·    Diehl Aviation Gilching GmbH
[63/124] ·    ANDRITZ KMPT GmbH
[64/124] ·    Suss MicroTec Lithography GmbH
[65/124] ·    Pfaff-silberblau Hebezeugfabrik GmbH
[66/124] ·    Weber Schraubautomaten GmbH
[67/124] ·    COLUMBUS McKINNON Engineered Products Gm
[68/124] ·    MIAS Maschinenbau, Industrieanlagen & Se
[69/124] ·    MWS Garching GmbH
[70/124] ·    GEA Küba GmbH
[71/124] ✓api Sitec Aerospace GmbH                       recruitee        sitec (~1585)
[72/124] ·    Karl Binder GmbH Metallwarenfabrik Reich
[73/124] ·    Gleason-Hurth Tooling GmbH
[74/124] ·    GEMA-Technik GmbH
[75/124] ·    Schaltbau GmbH
[76/124] ·    TRUMPF Medizin Systeme GmbH & Co. KG
[77/124] ·    OFS Fitel Deutschland GmbH
[78/124] ·    Netz16 GmbH
[79/124] ✓api Planatol GmbH                              recruitee        planatol (~6)
[80/124] ·    esmo AG
[81/124] ·    Andreas Karl GmbH & Co.
[82/124] ·    Eloma GmbH
[83/124] ·    Louis Renner GmbH
[84/124] ·    Hufschmied Zerspanungssysteme GmbH
[85/124] ·    TGW Robotics GmbH
[86/124] ·    Günter Bechtold GmbH
[87/124] ✓web Heilind Electronics GmbH                   recruitee        heilindelectronicseurope
[88/124] ·    KEM Küppers Elektromechanik GmbH
[89/124] ·    Hennig GmbH
[90/124] ·    Dr. Müller DIAMANTMETALL AG
[91/124] ·    Geissler Montage und Verwaltungs GmbH
[92/124] ·    Elektro Stoll GmbH
[93/124] ·    ritterwerk GmbH
[94/124] ·    SD GmbH Klaus Hirsch
[95/124] ✓api Turner & Townsend GmbH                     smartrecruiters  turnertownsend (~30)
[96/124] ·    En-Ko Staudinger GmbH & Co. KG
[97/124] ·    TIPECSKA MASCHINENBAU GMBH
[98/124] ·    Hans Widmaier Fernmelde- und Feinwerktec
[99/124] ·    EvoBus GmbH ServiceCenter München
[100/124] ✓api AERO-Bildungs GmbH                         lever            aero (~8)
[101/124] ·    dynasys datentechnik gmbh
[102/124] ·    MechanikZentrum Schmidbauer GmbH, Feinme
[103/124] ·    Leichtmetall Andreas Rittel GmbH Kokille
[104/124] ·    ELSÄSSER GmbH ELIGA-Saunatechnik
[105/124] ·    Actemium Cegelec GmbH
[106/124] ·    EADS Deutschland GmbH Military Air Syste
[107/124] ·    DYWIDAG-Systems International GmbH
[108/124] ·    BLV Licht- und Vakuumtechnik GmbH
[109/124] ✓web Kraftanlagen München GmbH                  softgarden       kraftanlagen
[110/124] ·    Neopost GmbH & Co. KG
[111/124] ✓web manroland Goss web systems GmbH            recruitee        manrolandgoss
[112/124] ✓web Steadforce GmbH                            personio         steadforce
[113/124] ·    Astrium GmbH
[114/124] ·    SOMIC Verpackungsmaschinen GmbH & Co. KG
[115/124] ·    Biolink GmbH
[116/124] ·    retarus GmbH
[117/124] ·    Crown Gabelstapler GmbH & Co. KG
[118/124] ·    Vestner Aufzüge GmbH
[119/124] ·    ThyssenKrupp Aufzüge GmbH Niederlassung 
[120/124] ·    PARItec GmbH
[121/124] ·    MMM Münchener Medizin Mechanik GmbH
[122/124] ·    Siemens Mobility GmbH
[123/124] ·    Ericsson
[124/124] ·    aicovo gmbh

新增 4 家,共 26 家
exit=0
